[important-today-120931.framer.app/index.html]
[backblue.gif]
[fade.gif]
[index.html]
[framerusercontent.com/sites/icons/default-favicon.v3.png]
[framerusercontent.com/images/Ol7Ba0XPpgkc1A85oQsmhjYLhA.png]
[framerusercontent.com/images/J7XaBYf77NPFXUaHK75deYcDg.png]
[framerusercontent.com/images/EGNZlugVhMJXCdZQ2PWViGHkDA.png]
[framerusercontent.com/images/nSUlZo2ORvRP7O1Itnh1KH4Kp8.png]
[framerusercontent.com/images/KZPDngRNJfvB72qRrctdSHmtM.png]
[framerusercontent.com/images/Bq5DCuaCuQsQLnYlmEcKzqwRAvQ.png]
[framerusercontent.com/images/Ug6ij8awQ9INYfN6FvmoLj0lCo.png]
[framerusercontent.com/images/dalsTb92iy1rJFT6MtqzI6jWx4.png]
[framerusercontent.com/images/Ig2bIXtiii0KYrClgCTbLcItF8U.png]
[framerusercontent.com/images/tE8rwwKQQOPs3uvGxPwy8605mwg.png]
[framerusercontent.com/images/OoO5byX6IEYZjRAbKgxK5Oa9vQ.png]
[framerusercontent.com/images/nWqK7rsUXgSZgeCEMDwgISOI8.png]
[framerusercontent.com/images/xExP8izGyFbiFhTILE5e5z9prjY.png]
[framerusercontent.com/images/Yi5LK96CGgzexG5rJPmf6q8YVQo.png]
[framerusercontent.com/images/CRB2JLAiqxkqmq3NhuF0E9B1H0o.png]
[framerusercontent.com/images/agP14nZggA8yfkZwmMxDp9jvlqc.png]
[framerusercontent.com/images/vak2mJKaTKWEWKocDzbZnPRw5X8.png]
[framerusercontent.com/images/qHuSMgLWlr3hSYoyUvojwBaQTA.png]
[framerusercontent.com/images/yE64SCUN9BhIqzzt3iQS8RDoAgk.png]
[framerusercontent.com/images/wzYWChyr8pTsyxZO5BSAqhmuE.png]
[framerusercontent.com/images/1nI6bjMlFaDjwsW8T2ZtytnKcE.png]
[framerusercontent.com/images/sQvbdWvvVn2pi6ORAepALmoMlA.png]
[framerusercontent.com/images/BqN03YbCsLnNcSd4yYkztBM25o.png]
[framerusercontent.com/images/uIMOxt8FX9QrVz09atg1g4Jpk.png]
[framerusercontent.com/images/ZOsbYH4oc3Y6405LEdhggQR2EQ.png]
[framerusercontent.com/images/9ULw8xriQYyyK8U8ztGe7Upgc.png]
[framerusercontent.com/images/dViyFEu58fWA7XggXYUvBu67uLI.png]
[framerusercontent.com/images/zRknGMPKNhhp4OqXJBZdTTFHw84.png]
[framerusercontent.com/images/nYcSSoeGtaNhomOBnf3ATYD5jxo.png]
[framerusercontent.com/images/Zo72ly7lLbaT7fFOOYlkLWjQpCU.png]
[framerusercontent.com/images/EChF2GbsvwHvaKfCUpblc8rRXLs.png]
[important-today-120931.framer.app/index.html]
[important-today-120931.framer.app/&apos;data_image/svg+xml;utf8,_svg xmlns=_http_/www.w3.org/2000/svg_ xmlns_xlink=_http_/www.w3.org/1999/xlink_ viewBox=_0 0 50 50___path d=_M 26.692 0.287 L]
[important-today-120931.framer.app/&apos;https_/framerusercontent.com/images/rR6HYXBrMmX4cRpXfXUOvpvpB0.html]
[important-today-120931.framer.app/&apos;data_image/svg+xml;utf8,_svg xmlns=_http_/www.w3.org/2000/svg_ xmlns_xlink=_http_/www.w3.org/1999/xlink_ viewBox=_0 0 141 149___path d=_M 26.981 61.83]
[important-today-120931.framer.app/&apos;data_image/svg+xml;utf8,_svg xmlns=_http_/www.w3.org/2000/svg_ xmlns_xlink=_http_/www.w3.org/1999/xlink_ viewBox=_0 0 61 63___path d=_M 24.87 2.812 C 2]
[important-today-120931.framer.app/&apos;data_image/svg+xml;utf8,_svg xmlns=_http_/www.w3.org/2000/svg_ xmlns_xlink=_http_/www.w3.org/1999/xlink_ viewBox=_0 0 123 125___pa/svg_&apos;.1f.delaye]
[important-today-120931.framer.app/&apos;data_image/svg+xml;utf8,_svg xmlns=_http_/www.w3.org/2000/svg_ xmlns_xlink=_http_/www.w3.org/1999/xlink_ viewBox=_0 0 172 105___path d=_M 49.773 52.5 C]
